// Vitest Snapshot v1, https://vitest.dev/guide/snapshot.html

exports[`cicdSegment > returns cicd system line 1`] = `
[
  {
    "children": [
      {
        "type": "text",
        "value": "CI/CD system: github-actions",
      },
    ],
    "type": "paragraph",
  },
]
`;
