// Vitest Snapshot v1, https://vitest.dev/guide/snapshot.html

exports[`createdAtSegment > returns timestamp segment 1`] = `
[
  {
    "children": [
      {
        "type": "text",
        "value": "Created at: 2020-01-01T00:00:00.000Z",
      },
    ],
    "type": "paragraph",
  },
]
`;
