// Vitest Snapshot v1, https://vitest.dev/guide/snapshot.html

exports[`monorepoSegment > returns monorepo system line 1`] = `
[
  {
    "children": [
      {
        "type": "text",
        "value": "Monorepo system: turbo",
      },
    ],
    "type": "paragraph",
  },
]
`;
