// Vitest Snapshot v1, https://vitest.dev/guide/snapshot.html

exports[`lintSegment > returns lint system guidelines 1`] = `
[
  {
    "children": [
      {
        "type": "text",
        "value": "Lint system",
      },
      {
        "type": "text",
        "value": " (eslint)",
      },
    ],
    "depth": 2,
    "type": "heading",
  },
  {
    "children": [
      {
        "children": [
          {
            "children": [
              {
                "type": "text",
                "value": "Use ESLint to enforce code quality and style guidelines.",
              },
            ],
            "type": "paragraph",
          },
        ],
        "type": "listItem",
      },
      {
        "children": [
          {
            "children": [
              {
                "type": "text",
                "value": "Fix lint issues before committing code.",
              },
            ],
            "type": "paragraph",
          },
        ],
        "type": "listItem",
      },
    ],
    "ordered": false,
    "type": "list",
  },
]
`;
